Warning[w15]: Predefined type sizing mismatch between modules RDKRL78_spi ( C:\Users\Steve\Dropbox\Kiln\CustomerProjects\RenesasDemo\Factory_Demo_Whisker\YRDKRL78G14\Debug\Obj\RDKRL78_spi.r87 ) and ST7579_LCD ( C:\Users\Steve\Dropbox\Kiln\CustomerProjects\RenesasDemo\Factory_Demo_Whisker\YRDKRL78G14\drv\Glyph\RL78GlyphLib_Debug.r87 )
Warning[w15]: Predefined type sizing mismatch between modules RDKRL78_spi ( C:\Users\Steve\Dropbox\Kiln\CustomerProjects\RenesasDemo\Factory_Demo_Whisker\YRDKRL78G14\Debug\Obj\RDKRL78_spi.r87 ) and ST7579_LCD ( C:\Users\Steve\Dropbox\Kiln\CustomerProjects\RenesasDemo\Factory_Demo_Whisker\YRDKRL78G14\drv\Glyph\RL78GlyphLib_Debug.r87 )
Warning[w15]: Predefined type sizing mismatch between modules glyph ( C:\Users\Steve\Dropbox\Kiln\CustomerProjects\RenesasDemo\Factory_Demo_Whisker\YRDKRL78G14\drv\Glyph\RL78GlyphLib_Debug.r87 ) and SPI _G14 ( C:\Users\Steve\Dropbox\Kiln\CustomerProjects\RenesasDemo\Factory_Demo_Whisker\YRDKRL78G14\Debug\Obj\SPI _G14.r87 )
Warning[w15]: Predefined type sizing mismatch between modules glyph ( C:\Users\Steve\Dropbox\Kiln\CustomerProjects\RenesasDemo\Factory_Demo_Whisker\YRDKRL78G14\drv\Glyph\RL78GlyphLib_Debug.r87 ) and SPI _G14 ( C:\Users\Steve\Dropbox\Kiln\CustomerProjects\RenesasDemo\Factory_Demo_Whisker\YRDKRL78G14\Debug\Obj\SPI _G14.r87 )
Warning[w6]: Type conflict for external/entry "App_WhiskerGW", in module main against external/entry in module App_WhiskerGW; prototyped function vs K&R function
  /* In module main: */
  /* Function, args 0, attr 0 */
  void App_WhiskerGW(void);
  /* In module App_WhiskerGW: */
  /* K&R Function, args 0, attr 0 */
  void App_WhiskerGW();
Warning[w6]: Type conflict for external/entry "R_CSI21_Send_Receive", in module RDKRL78_spi against external/entry in module r_cg_serial; function types differ in parameter 2; different basic types
  /* In module RDKRL78_spi: */
  /* Function, args 3, attr 0 */
  MD_STATUS R_CSI21_Send_Receive(unsigned char * const,
                                 uint16_t,
                                 unsigned char * const);
    typedef unsigned short MD_STATUS;
    typedef unsigned int uint16_t;
  /* In module r_cg_serial: */
  /* Function, args 3, attr 0 */
  MD_STATUS R_CSI21_Send_Receive(uint8_t * const,
                                 uint16_t,
                                 uint8_t * const);
    typedef unsigned short MD_STATUS;
    typedef unsigned char uint8_t;
    typedef unsigned short uint16_t;
Warning[w6]: Type conflict for external/entry "SPI_Send", in module xr20m1170 against external/entry in module RDKRL78_spi; function types differ in parameter 3; different basic types
  /* In module xr20m1170: */
  /* Function, args 3, attr 0 */
  void SPI_Send(uint8_t,
                uint8_t *,
                uint16_t);
    typedef unsigned char uint8_t;
    typedef unsigned short uint16_t;
  /* In module RDKRL78_spi: */
  /* Function, args 3, attr 0 */
  void SPI_Send(uint8_t,
                unsigned char *,
                uint16_t);
    typedef unsigned char uint8_t;
    typedef unsigned int uint16_t;
Warning[w6]: Type conflict for external/entry "SPI_SendReceive", in module xr20m1170 against external/entry in module RDKRL78_spi; function types differ in parameter 3; different basic types
  /* In module xr20m1170: */
  /* Function, args 4, attr 0 */
  uint8_t SPI_SendReceive(uint8_t,
                          uint8_t *,
                          uint16_t,
                          uint8_t *);
    typedef unsigned char uint8_t;
    typedef unsigned short uint16_t;
  /* In module RDKRL78_spi: */
  /* Function, args 4, attr 0 */
  uint8_t SPI_SendReceive(uint8_t,
                          unsigned char *,
                          uint16_t,
                          unsigned char *);
    typedef unsigned char uint8_t;
    typedef unsigned int uint16_t;
################################################################################
#                                                                              #
#      IAR Universal Linker V6.0.3.49                                          #
#                                                                              #
#           Link time     =  23/Sep/2015  13:14:54                             #
#           Target CPU    =  RL78                                              #
#           List file     =  C:\Users\Steve\Dropbox\Kiln\CustomerProjects\Rene #
#                            sasDemo\Factory_Demo_Whisker\YRDKRL78G14\Debug\Li #
#                            st\ADKRenesasG14.map                              #
#           Output file 1 =  C:\Users\Steve\Dropbox\Kiln\CustomerProjects\Rene #
#                            sasDemo\Factory_Demo_Whisker\YRDKRL78G14\Debug\Ex #
#                            e\ADKRenesasG14.d87                               #
#                            Format: debug                                     #
#                            UBROF version 10.0.6                              #
#           Output file 2 =  C:\Users\Steve\Dropbox\Kiln\CustomerProjects\Rene #
#                            sasDemo\Factory_Demo_Whisker\YRDKRL78G14\Debug\Ex #
#                            e\ADKRenesasG14.elf                               #
#                            Format: elf, variant: -yspc                       #
#           Command line  =  C:\Users\Steve\Dropbox\Kiln\CustomerProjects\Rene #
#                            sasDemo\Factory_Demo_Whisker\YRDKRL78G14\Debug\Ob #
#                            j\Accelerometer.r87                               #
#                            C:\Users\Steve\Dropbox\Kiln\CustomerProjects\Rene #
#                            sasDemo\Factory_Demo_Whisker\YRDKRL78G14\Debug\Ob #
#                            j\ADC.r87                                         #
#                            C:\Users\Steve\Dropbox\Kiln\CustomerProjects\Rene #
#                            sasDemo\Factory_Demo_Whisker\YRDKRL78G14\Debug\Ob #
#                            j\App_Startup.r87                                 #
#                            C:\Users\Steve\Dropbox\Kiln\CustomerProjects\Rene #
#                            sasDemo\Factory_Demo_Whisker\YRDKRL78G14\Debug\Ob #
#                            j\App_WhiskerGW.r87                               #
#                            C:\Users\Steve\Dropbox\Kiln\CustomerProjects\Rene #
#                            sasDemo\Factory_Demo_Whisker\YRDKRL78G14\Debug\Ob #
#                            j\AtCmdLib.r87                                    #
#                            C:\Users\Steve\Dropbox\Kiln\CustomerProjects\Rene #
#                            sasDemo\Factory_Demo_Whisker\YRDKRL78G14\Debug\Ob #
#                            j\console.r87                                     #
#                            C:\Users\Steve\Dropbox\Kiln\CustomerProjects\Rene #
#                            sasDemo\Factory_Demo_Whisker\YRDKRL78G14\Debug\Ob #
#                            j\cpu_bsp.r87                                     #
#                            C:\Users\Steve\Dropbox\Kiln\CustomerProjects\Rene #
#                            sasDemo\Factory_Demo_Whisker\YRDKRL78G14\Debug\Ob #
#                            j\cpu_core.r87                                    #
#                            C:\Users\Steve\Dropbox\Kiln\CustomerProjects\Rene #
#                            sasDemo\Factory_Demo_Whisker\YRDKRL78G14\Debug\Ob #
#                            j\EEPROM.r87                                      #
#                            C:\Users\Steve\Dropbox\Kiln\CustomerProjects\Rene #
#                            sasDemo\Factory_Demo_Whisker\YRDKRL78G14\Debug\Ob #
#                            j\eink_driver.r87                                 #
#                            C:\Users\Steve\Dropbox\Kiln\CustomerProjects\Rene #
#                            sasDemo\Factory_Demo_Whisker\YRDKRL78G14\Debug\Ob #
#                            j\eink_rdk_display.r87                            #
#                            C:\Users\Steve\Dropbox\Kiln\CustomerProjects\Rene #
#                            sasDemo\Factory_Demo_Whisker\YRDKRL78G14\Debug\Ob #
#                            j\GainSpan_IO.r87                                 #
#                            C:\Users\Steve\Dropbox\Kiln\CustomerProjects\Rene #
#                            sasDemo\Factory_Demo_Whisker\YRDKRL78G14\Debug\Ob #
#                            j\GainSpan_SPI.r87                                #
#                            C:\Users\Steve\Dropbox\Kiln\CustomerProjects\Rene #
#                            sasDemo\Factory_Demo_Whisker\YRDKRL78G14\Debug\Ob #
#                            j\glyph_register.r87                              #
#                            C:\Users\Steve\Dropbox\Kiln\CustomerProjects\Rene #
#                            sasDemo\Factory_Demo_Whisker\YRDKRL78G14\Debug\Ob #
#                            j\GSHAL.r87                                       #
#                            C:\Users\Steve\Dropbox\Kiln\CustomerProjects\Rene #
#                            sasDemo\Factory_Demo_Whisker\YRDKRL78G14\Debug\Ob #
#                            j\hwsetup.r87                                     #
#                            C:\Users\Steve\Dropbox\Kiln\CustomerProjects\Rene #
#                            sasDemo\Factory_Demo_Whisker\YRDKRL78G14\Debug\Ob #
#                            j\I2C.r87                                         #
#                            C:\Users\Steve\Dropbox\Kiln\CustomerProjects\Rene #
#                            sasDemo\Factory_Demo_Whisker\YRDKRL78G14\Debug\Ob #
#                            j\jsmn.r87                                        #
#                            C:\Users\Steve\Dropbox\Kiln\CustomerProjects\Rene #
#                            sasDemo\Factory_Demo_Whisker\YRDKRL78G14\Debug\Ob #
#                            j\lcd.r87                                         #
#                            C:\Users\Steve\Dropbox\Kiln\CustomerProjects\Rene #
#                            sasDemo\Factory_Demo_Whisker\YRDKRL78G14\Debug\Ob #
#                            j\led.r87                                         #
#                            C:\Users\Steve\Dropbox\Kiln\CustomerProjects\Rene #
#                            sasDemo\Factory_Demo_Whisker\YRDKRL78G14\Debug\Ob #
#                            j\lib_ascii.r87                                   #
#                            C:\Users\Steve\Dropbox\Kiln\CustomerProjects\Rene #
#                            sasDemo\Factory_Demo_Whisker\YRDKRL78G14\Debug\Ob #
#                            j\lib_math.r87                                    #
#                            C:\Users\Steve\Dropbox\Kiln\CustomerProjects\Rene #
#                            sasDemo\Factory_Demo_Whisker\YRDKRL78G14\Debug\Ob #
#                            j\lib_mem.r87                                     #
#                            C:\Users\Steve\Dropbox\Kiln\CustomerProjects\Rene #
#                            sasDemo\Factory_Demo_Whisker\YRDKRL78G14\Debug\Ob #
#                            j\lib_str.r87                                     #
#                            C:\Users\Steve\Dropbox\Kiln\CustomerProjects\Rene #
#                            sasDemo\Factory_Demo_Whisker\YRDKRL78G14\Debug\Ob #
#                            j\LibReplacement.r87                              #
#                            C:\Users\Steve\Dropbox\Kiln\CustomerProjects\Rene #
#                            sasDemo\Factory_Demo_Whisker\YRDKRL78G14\Debug\Ob #
#                            j\LightSensor.r87                                 #
#                            C:\Users\Steve\Dropbox\Kiln\CustomerProjects\Rene #
#                            sasDemo\Factory_Demo_Whisker\YRDKRL78G14\Debug\Ob #
#                            j\main.r87                                        #
#                            C:\Users\Steve\Dropbox\Kiln\CustomerProjects\Rene #
#                            sasDemo\Factory_Demo_Whisker\YRDKRL78G14\Debug\Ob #
#                            j\mqtt.r87                                        #
#                            C:\Users\Steve\Dropbox\Kiln\CustomerProjects\Rene #
#                            sasDemo\Factory_Demo_Whisker\YRDKRL78G14\Debug\Ob #
#                            j\mstimer.r87                                     #
#                            C:\Users\Steve\Dropbox\Kiln\CustomerProjects\Rene #
#                            sasDemo\Factory_Demo_Whisker\YRDKRL78G14\Debug\Ob #
#                            j\NVSettings.r87                                  #
#                            C:\Users\Steve\Dropbox\Kiln\CustomerProjects\Rene #
#                            sasDemo\Factory_Demo_Whisker\YRDKRL78G14\Debug\Ob #
#                            j\Potentiometer.r87                               #
#                            C:\Users\Steve\Dropbox\Kiln\CustomerProjects\Rene #
#                            sasDemo\Factory_Demo_Whisker\YRDKRL78G14\Debug\Ob #
#                            j\probe_com.r87                                   #
#                            C:\Users\Steve\Dropbox\Kiln\CustomerProjects\Rene #
#                            sasDemo\Factory_Demo_Whisker\YRDKRL78G14\Debug\Ob #
#                            j\probe_com_os.r87                                #
#                            C:\Users\Steve\Dropbox\Kiln\CustomerProjects\Rene #
#                            sasDemo\Factory_Demo_Whisker\YRDKRL78G14\Debug\Ob #
#                            j\probe_wifi.r87                                  #
#                            C:\Users\Steve\Dropbox\Kiln\CustomerProjects\Rene #
#                            sasDemo\Factory_Demo_Whisker\YRDKRL78G14\Debug\Ob #
#                            j\probe_wifi_os.r87                               #
#                            C:\Users\Steve\Dropbox\Kiln\CustomerProjects\Rene #
#                            sasDemo\Factory_Demo_Whisker\YRDKRL78G14\Debug\Ob #
#                            j\r_cg_serial.r87                                 #
#                            C:\Users\Steve\Dropbox\Kiln\CustomerProjects\Rene #
#                            sasDemo\Factory_Demo_Whisker\YRDKRL78G14\Debug\Ob #
#                            j\r_cg_serial_user.r87                            #
#                            C:\Users\Steve\Dropbox\Kiln\CustomerProjects\Rene #
#                            sasDemo\Factory_Demo_Whisker\YRDKRL78G14\Debug\Ob #
#                            j\r_cg_timer.r87                                  #
#                            C:\Users\Steve\Dropbox\Kiln\CustomerProjects\Rene #
#                            sasDemo\Factory_Demo_Whisker\YRDKRL78G14\Debug\Ob #
#                            j\r_cg_timer_user.r87                             #
#                            C:\Users\Steve\Dropbox\Kiln\CustomerProjects\Rene #
#                            sasDemo\Factory_Demo_Whisker\YRDKRL78G14\Debug\Ob #
#                            j\RDKRL78_spi.r87                                 #
#                            C:\Users\Steve\Dropbox\Kiln\CustomerProjects\Rene #
#                            sasDemo\Factory_Demo_Whisker\YRDKRL78G14\drv\Glyp #
#                            h\RL78GlyphLib_Debug.r87                          #
#                            "C:\Users\Steve\Dropbox\Kiln\CustomerProjects\Ren #
#                            esasDemo\Factory_Demo_Whisker\YRDKRL78G14\Debug\O #
#                            bj\SPI _G14.r87"                                  #
#                            C:\Users\Steve\Dropbox\Kiln\CustomerProjects\Rene #
#                            sasDemo\Factory_Demo_Whisker\YRDKRL78G14\Debug\Ob #
#                            j\Switch.r87                                      #
#                            C:\Users\Steve\Dropbox\Kiln\CustomerProjects\Rene #
#                            sasDemo\Factory_Demo_Whisker\YRDKRL78G14\Debug\Ob #
#                            j\Temperature.r87                                 #
#                            C:\Users\Steve\Dropbox\Kiln\CustomerProjects\Rene #
#                            sasDemo\Factory_Demo_Whisker\YRDKRL78G14\Debug\Ob #
#                            j\Timer.r87                                       #
#                            C:\Users\Steve\Dropbox\Kiln\CustomerProjects\Rene #
#                            sasDemo\Factory_Demo_Whisker\YRDKRL78G14\Debug\Ob #
#                            j\UART.r87                                        #
#                            C:\Users\Steve\Dropbox\Kiln\CustomerProjects\Rene #
#                            sasDemo\Factory_Demo_Whisker\YRDKRL78G14\Debug\Ob #
#                            j\user_app.r87                                    #
#                            C:\Users\Steve\Dropbox\Kiln\CustomerProjects\Rene #
#                            sasDemo\Factory_Demo_Whisker\YRDKRL78G14\Debug\Ob #
#                            j\xr20m1170.r87                                   #
#                            -D_HUGE_HEAP_SIZE=1000 -o                         #
#                            C:\Users\Steve\Dropbox\Kiln\CustomerProjects\Rene #
#                            sasDemo\Factory_Demo_Whisker\YRDKRL78G14\Debug\Ex #
#                            e\ADKRenesasG14.d87                               #
#                            -l                                                #
#                            C:\Users\Steve\Dropbox\Kiln\CustomerProjects\Rene #
#                            sasDemo\Factory_Demo_Whisker\YRDKRL78G14\Debug\Li #
#                            st\ADKRenesasG14.map                              #
#                            -xmsn                                             #
#                            "-IC:\Program Files (x86)\IAR Systems\Embedded Wo #
#                            rkbench 7.0\rl78\LIB\"                            #
#                            -f                                                #
#                            "C:\Program Files (x86)\IAR Systems\Embedded Work #
#                            bench 7.0\rl78\config\lnkr5f104pj.xcl"            #
#                            (-cRL78 -Z(CODE)INTVEC=00000-0007F                #
#                            -Z(CODE)CLTVEC=00080-000BF                        #
#                            -Z(CODE)OPTBYTE=000C0-000C3                       #
#                            -Z(CODE)SECUID=000C4-000CD --segment_mirror       #
#                            @NEAR_CONST=NEAR_CONST_ID                         #
#                            -Z(CONST)NEAR_CONST_ID=_NEAR_CONST_LOCATION_START #
#                            -_NEAR_CONST_LOCATION_END                         #
#                            -Z(DATA)NEAR_CONST=(_NEAR_CONST_LOCATION_START|F0 #
#                            000)-(_NEAR_CONST_LOCATION_END|F0000)             #
#                            -Z(CODE)RCODE,CODE=000D8-0FFFF                    #
#                            -Z(CONST)SWITCH=000D8-0FDFF                       #
#                            -Z(CONST)NEAR_ID=[000D8-0FDFF]/10000              #
#                            -Z(CONST)SADDR_ID=[000D8-0FDFF]/10000             #
#                            -Z(CONST)DIFUNCT=[000D8-0FDFF]/10000              #
#                            -Z(CONST)HUGE_ID=09F00-3FDFF                      #
#                            -Z(DATA)HUGE_I=F9F00-FFE1F                        #
#                            -Z(CONST)FAR_ID=[09F00-3FDFF]/10000               #
#                            -Z(DATA)FAR_I=[F9F00-FFE1F]/10000                 #
#                            -P(CONST)HUGE_CONST=000D8-3FDFF                   #
#                            -P(CONST)FAR_CONST,FSWITCH=[000D8-3FDFF]/10000    #
#                            -P(CODE)XCODE=[000D8-3FDFF]/10000                 #
#                            -Z(CONST)EEPROM=F1000-F2FFF                       #
#                            -Z(DATA)WRKSEG=FFE20-FFEDF                        #
#                            -Z(DATA)SADDR_I,SADDR_Z,SADDR_N=FFE20-FFEDF       #
#                            -Z(DATA)NEAR_I,NEAR_Z,NEAR_N=F9F00-FFE1F          #
#                            -Z(DATA)HUGE_Z=F9F00-FFE1F                        #
#                            -P(DATA)HUGE_N=F9F00-FFE1F                        #
#                            -Z(DATA)FAR_Z=[F9F00-FFE1F]/10000                 #
#                            -P(DATA)FAR_N=[F9F00-FFE1F]/10000                 #
#                            -Z(DATA)NEAR_HEAP+_NEAR_HEAP_SIZE=F9F00-FFE1F     #
#                            -Z(DATA)HUGE_HEAP+_HUGE_HEAP_SIZE=F9F00-FFE1F     #
#                            -Z(DATA)FAR_HEAP+_FAR_HEAP_SIZE=[F9F00-FFE1F]/100 #
#                            00                                                #
#                            -Z(DATA)CSTACK+_CSTACK_SIZE=F9F00-FFE1F)          #
#                            -Fubrof                                           #
#                            -Oelf,spc=C:\Users\Steve\Dropbox\Kiln\CustomerPro #
#                            jects\RenesasDemo\Factory_Demo_Whisker\YRDKRL78G1 #
#                            4\Debug\Exe\ADKRenesasG14.elf                     #
#                            -s __program_start -D_NEAR_CONST_LOCATION=0       #
#                            -D_NEAR_CONST_LOCATION_START=3000                 #
#                            -D_NEAR_CONST_LOCATION_END=9EFF                   #
#                            "C:\Program Files (x86)\IAR Systems\Embedded Work #
#                            bench 7.0\rl78\LIB\dlrl78nn2n.r87"                #
#                            -eHWDIV_8_8_8=?UC_DIV_L01                         #
#                            -eHWMOD_8_8_8=?UC_MOD_L01                         #
#                            -eHWSDIV_8_8_8=?SC_DIV_L01                        #
#                            -eHWSMOD_8_8_8=?SC_MOD_L01                        #
#                            -eHWSDIV_16_16_16=?SI_DIV_L02                     #
#                            -eHWSMOD_16_16_16=?SI_MOD_L02                     #
#                            -eHWSDIV_32_32_32=?SL_DIV_L03                     #
#                            -eHWSMOD_32_32_32=?SL_MOD_L03                     #
#                            -e_PrintfLarge=_Printf -e_ScanfSmall=_Scanf       #
#                            -D_CSTACK_SIZE=400 -D_NEAR_HEAP_SIZE=100          #
#                            -D_FAR_HEAP_SIZE=1000                             #
#                                                                              #
#                           Copyright (C) 1987-2014 IAR Systems AB.            #
################################################################################





                ****************************************
                *                                      *
                *           CROSS REFERENCE            *
                *                                      *
                ****************************************

       Program entry at :           00000300  Relocatable, from module : ?CSTARTUP




                ****************************************
                *                                      *
                *            RUNTIME MODEL             *
                *                                      *
                ****************************************

  __Heap_Handler             = Basic
  __SystemLibrary            = DLib
  __code_model               = near
  __core                     = rl78_2
  __data_model               = near
  __dlib_file_descriptor     = 0
  __dlib_full_locale_support = 0
  __far_rt_calls             = false
  __rt_version               = 1

                ****************************************
                *                                      *
                *    AUTOMATIC SYMBOL REDIRECTIONS     *
                *                                      *
                ****************************************

                  There are no automatic symbol redirections.



                ****************************************
                *                                      *
                *              MODULE MAP              *
                *                                      *
                ****************************************


  DEFINED ABSOLUTE ENTRIES
    *************************************************************************

  DEFINED ABSOLUTE ENTRIES
  PROGRAM MODULE, NAME : ?ABS_ENTRY_MOD

Absolute parts
           ENTRY                   ADDRESS         REF BY
           =====                   =======         ======
           _FAR_HEAP_SIZE          00001000 
           _NEAR_HEAP_SIZE         00000100 
           _CSTACK_SIZE            00000400 
           _NEAR_CONST_LOCATION_END
                                   00009EFF 
           _NEAR_CONST_LOCATION_START
                                   00003000 
           _NEAR_CONST_LOCATION    00000000        Segment part 4 (?CSTARTUP)
           _HUGE_HEAP_SIZE         00001000 
    *************************************************************************

  FILE NAME : C:\Users\Steve\Dropbox\Kiln\CustomerProjects\RenesasDemo\Factory_Demo_Whisker\YRDKRL78G14\Debug\Obj\Accelerometer.r87
  PROGRAM MODULE, NAME : Accelerometer

  SEGMENTS IN THE MODULE
  ======================
NEAR_Z
  Relative segment, address: 000FA044 - 000FA049 (0x6 bytes), align: 1
  Segment part 4.
           ENTRY                   ADDRESS         REF BY
           =====                   =======         ======
           gAccData                000FA044        AtLib_GSLinkGetPostResp (AtCmdLib)

    *************************************************************************

  FILE NAME : C:\Users\Steve\Dropbox\Kiln\CustomerProjects\RenesasDemo\Factory_Demo_Whisker\YRDKRL78G14\Debug\Obj\ADC.r87
  PROGRAM MODULE, NAME : ADC

  SEGMENTS IN THE MODULE
  ======================
SADDR_A
  Relative segment, address: 000FFF1E - 000FFF1F (0x2 bytes), align: 0
  Segment part 1. ROOT 
           ENTRY                   ADDRESS         REF BY
           =====                   =======         ======
           _A_ADCR                 000FFF1E 
           LOCAL                   ADDRESS         
           =====                   =======         
           ADCR                    000FFF1E 
           ADCRH                   000FFF1F 
           ADCRH_bit               000FFF1F 
           ADCR_bit                000FFF1E 
           dummy                   000FFF1E 
           dummy_bit               000FFF1E 
    -------------------------------------------------------------------------
NEAR_A
  Relative segment, address: 000FFF22 - 000FFF22 (0x1 bytes), align: 0
  Segment part 2. ROOT        Intra module refs:   ADC_Start
                                                   PORT2 (led)
           ENTRY                   ADDRESS         REF BY
           =====                   =======         ======
           _A_PM2                  000FFF22 
           LOCAL                   ADDRESS         
           =====                   =======         
           PM2                     000FFF22 
           PM2_bit                 000FFF22 
    -------------------------------------------------------------------------
NEAR_A
  Relative segment, address: 000FFF30 - 000FFF30 (0x1 bytes), align: 0
  Segment part 3. ROOT        Intra module refs:   ADC_Start
           ENTRY                   ADDRESS         REF BY
           =====                   =======         ======
           _A_ADM0                 000FFF30 
           LOCAL                   ADDRESS         
           =====                   =======         
           ADM0                    000FFF30 
           ADM0_bit                000FFF30 
    -------------------------------------------------------------------------
NEAR_A
  Relative segment, address: 000FFF31 - 000FFF31 (0x1 bytes), align: 0
  Segment part 4. ROOT        Intra module refs:   ADC_EnableChannel
           ENTRY                   ADDRESS         REF BY
           =====                   =======         ======
           _A_ADS                  000FFF31 
           LOCAL                   ADDRESS         
           =====                   =======         
           ADS                     000FFF31 
           ADS_bit                 000FFF31 
    -------------------------------------------------------------------------
NEAR_A
  Relative segment, address: 000FFF32 - 000FFF32 (0x1 bytes), align: 0
  Segment part 5. ROOT        Intra module refs:   ADC_Start
           ENTRY                   ADDRESS         REF BY
           =====                   =======         ======
           _A_ADM1                 000FFF32 
           LOCAL                   ADDRESS         
           =====                   =======         
           ADM1                    000FFF32 
           ADM1_bit                000FFF32 
    -------------------------------------------------------------------------
NEAR_A
  Relative segment, address: 000FFFE2 - 000FFFE3 (0x2 bytes), align: 0
  Segment part 6. ROOT        Intra module refs:   ADC_Start
                                                   Create_UART1 (UART)
                                                   I2C_Start (I2C)
                                                   SPI_DisableInterrupts (SPI _G14)
                                                   SPI_EnableInterrupts (SPI _G14)
                                                   Timer_Start (Timer)
                                                   UART1_RXError_ISRHandler (UART)
                                                   UART1_RX_ISRHandler (UART)
                                                   UART1_TX_ISRHandler (UART)
           ENTRY                   ADDRESS         REF BY
           =====                   =======         ======
           _A_IF1                  000FFFE2 
           LOCAL                   ADDRESS         
           =====                   =======         
           IF1                     000FFFE2 
           IF1H                    000FFFE3 
           IF1H_bit                000FFFE3 
           IF1L                    000FFFE2 
           IF1L_bit                000FFFE2 
    -------------------------------------------------------------------------
NEAR_A
  Relative segment, address: 000FFFE6 - 000FFFE7 (0x2 bytes), align: 0
  Segment part 7. ROOT        Intra module refs:   ADC_Start
                                                   Create_UART1 (UART)
                                                   I2C_Read (I2C)
                                                   I2C_Start (I2C)
                                                   I2C_Write (I2C)
                                                   MSTimerGet (mstimer)
                                                   MSTimerInit (mstimer)
                                                   SPI_DisableInterrupts (SPI _G14)
                                                   SPI_EnableInterrupts (SPI _G14)
                                                   Timer_Start (Timer)
           ENTRY                   ADDRESS         REF BY
           =====                   =======         ======
           _A_MK1                  000FFFE6 
           LOCAL                   ADDRESS         
           =====                   =======         
           MK1                     000FFFE6 
           MK1H                    000FFFE7 
           MK1H_bit                000FFFE7 
           MK1L                    000FFFE6 
           MK1L_bit                000FFFE6 
    -------------------------------------------------------------------------
NEAR_A
  Relative segment, address: 000FFFEA - 000FFFEB (0x2 bytes), align: 0
  Segment part 8. ROOT        Intra module refs:   ADC_Start
                                                   Create_UART1 (UART)
                                                   I2C_Start (I2C)
                                                   SPI_Init (SPI _G14)
                                                   Timer_Start (Timer)
           ENTRY                   ADDRESS         REF BY
           =====                   =======         ======
           _A_PR01                 000FFFEA 
           LOCAL                   ADDRESS         
           =====                   =======         
           PR01                    000FFFEA 
           PR01H                   000FFFEB 
           PR01H_bit               000FFFEB 
           PR01L                   000FFFEA 
           PR01L_bit               000FFFEA 
    -------------------------------------------------------------------------
NEAR_A
  Relative segment, address: 000FFFEE - 000FFFEF (0x2 bytes), align: 0
  Segment part 9. ROOT        Intra module refs:   ADC_Start
                                                   Create_UART1 (UART)
                                                   I2C_Start (I2C)
                                                   SPI_Init (SPI _G14)
                                                   Timer_Start (Timer)
           ENTRY                   ADDRESS         REF BY
           =====                   =======         ======
           _A_PR11                 000FFFEE 
           LOCAL                   ADDRESS         
           =====                   =======         
           PR11                    000FFFEE 
           PR11H                   000FFFEF 
           PR11H_bit               000FFFEF 
           PR11L                   000FFFEE 
           PR11L_bit               000FFFEE 
    -------------------------------------------------------------------------
NEAR_A
  Relative segment, address: 000F0010 - 000F0010 (0x1 bytes), align: 0
  Segment part 10. ROOT       Intra module refs:   ADC_Start
           ENTRY                   ADDRESS         REF BY
           =====                   =======         ======
           _A_ADM2                 000F0010 
           LOCAL                   ADDRESS         
           =====                   =======         
           ADM2                    000F0010 
           ADM2_bit                000F0010 
    -------------------------------------------------------------------------
NEAR_A
  Relative segment, address: 000F0011 - 000F0011 (0x1 bytes), align: 0
  Segment part 11. ROOT       Intra module refs:   ADC_Start
           ENTRY                   ADDRESS         REF BY
           =====                   =======         ======
           _A_ADUL                 000F0011 
           LOCAL                   ADDRESS         
           =====                   =======         
           ADUL                    000F0011 
           ADUL_bit                000F0011 
    -------------------------------------------------------------------------
NEAR_A
  Relative segment, address: 000F0012 - 000F0012 (0x1 bytes), align: 0
  Segment part 12. ROOT       Intra module refs:   ADC_Start
           ENTRY                   ADDRESS         REF BY
           =====                   =======         ======
           _A_ADLL                 000F0012 
           LOCAL                   ADDRESS         
           =====                   =======         
           ADLL                    000F0012 
           ADLL_bit                000F0012 
    -------------------------------------------------------------------------
NEAR_A
  Relative segment, address: 000F00F0 - 000F00F0 (0x1 bytes), align: 0
  Segment part 13. ROOT       Intra module refs:   ADC_Start
                                                   I2C_Start (I2C)
                                                   RL78G14RDK_UART_Start (UART)
                                                   R_SAU1_Create (r_cg_serial)
                                                   Timer_Start (Timer)
           ENTRY                   ADDRESS         REF BY
           =====                   =======         ======
           _A_PER0                 000F00F0 
           LOCAL                   ADDRESS         
           =====                   =======         
           PER0                    000F00F0 
           PER0_bit                000F00F0 
    -------------------------------------------------------------------------
CODE
  Relative segment, address: 00004DAA - 00004DAB (0x2 bytes), align: 0
  Segment part 16.            Intra module refs:   Interrupt_ADC::??INTVEC 52
           ENTRY                   ADDRESS         REF BY
           =====                   =======         ======
           Interrupt_ADC           00004DAA 
               interrupt function
    -------------------------------------------------------------------------
CODE
  Relative segment, address: 00004DAC - 00004DE3 (0x38 bytes), align: 0
  Segment part 17.
           ENTRY                   ADDRESS         REF BY
           =====                   =======         ======
           ADC_Start               00004DAC        Potentiometer_Init (Potentiometer)
    -------------------------------------------------------------------------
CODE
  Relative segment, address: 00004DE4 - 00004DE6 (0x3 bytes), align: 0
  Segment part 18.
           ENTRY                   ADDRESS         REF BY
           =====                   =======         ======
           ADC_EnableChannel       00004DE4        Potentiometer_Init (Potentiometer)
    -------------------------------------------------------------------------
INTVEC
  Common segment, address: 00000000 - 00000035 (0x36 bytes), align: 1
  Segment part 14. ROOT 
           ENTRY                   ADDRESS         REF BY
           =====                   =======         ======
           Interrupt_ADC::??INTVEC 52
                                   00000034 

    *************************************************************************

  FILE NAME : C:\Users\Steve\Dropbox\Kiln\CustomerProjects\RenesasDemo\Factory_Demo_Whisker\YRDKRL78G14\Debug\Obj\App_Startup.r87
  PROGRAM MODULE, NAME : App_Startup

  SEGMENTS IN THE MODULE
  ======================
CODE
  Relative segment, address: 00004DE7 - 00004DF5 (0xf bytes), align: 0
  Segment part 80.            Intra module refs:   App_StartupLimitedAP
                                                   App_WhiskerGW (App_WhiskerGW)
                                                   AtLibGs_ParseDNSLookupResponse (AtCmdLib)
                                                   AtLibGs_ParseGetMacResponse (AtCmdLib)
                                                   AtLibGs_ParseRssiResponse (AtCmdLib)
                                                   AtLibGs_TCPClientStart (AtCmdLib)
                                                   AtLibGs_checkEOFMessage (AtCmdLib)
                                                   init_socket (mqtt)
           ENTRY                   ADDRESS         REF BY
           =====                   =======         ======
           strstr                  00004DE7 
               calls direct
               CSTACK = 00000000 ( 00000004 )
    -------------------------------------------------------------------------
NEAR_Z
  Relative segment, address: 000FA04A - 000FA0AB (0x62 bytes), align: 1
  Segment part 73.            Intra module refs:   App_WebProvisioning_OverAirPush
           ENTRY                   ADDRESS         REF BY
           =====                   =======         ======
           GNV_Setting             000FA04A        App_WhiskerGW (App_WhiskerGW)
                                                   WIFI_Associate (App_WhiskerGW)
                                                   WIFI_init (App_WhiskerGW)
    -------------------------------------------------------------------------
NEAR_Z
  Relative segment, address: 000FA0AC - 000FA0C5 (0x1a bytes), align: 1
  Segment part 74.            Intra module refs:   App_WebProvisioning_OverAirPush
           ENTRY                   ADDRESS         REF BY
           =====                   =======         ======
           str_config_ssid         000FA0AC 
    -------------------------------------------------------------------------
NEAR_Z
  Relative segment, address: 000FA0C6 - 000FA0D9 (0x14 bytes), align: 1
  Segment part 76.            Intra module refs:   App_WebProvisioning_OverAirPush
           ENTRY                   ADDRESS         REF BY
           =====                   =======         ======
           WiFiMAC                 000FA0C6        WIFI_init (App_WhiskerGW)
    -------------------------------------------------------------------------
NEAR_Z
  Relative segment, address: 000FA0DA - 000FA0E7 (0xe bytes), align: 1
  Segment part 77.            Intra module refs:   App_WebProvisioning_OverAirPush
           ENTRY                   ADDRESS         REF BY
           =====                   =======         ======
           WiFiMACStr              000FA0DA 
    -------------------------------------------------------------------------
CODE
  Relative segment, address: 00004DF6 - 00004E66 (0x71 bytes), align: 0
  Segment part 81.            Intra module refs:   App_WebProvisioning_OverAirPush
           ENTRY                   ADDRESS         REF BY
           =====                   =======         ======
           App_InitModule          00004DF6 
               calls direct
               CSTACK = 00000000 ( 00000004 )
    -------------------------------------------------------------------------
CODE
  Relative segment, address: 00004E67 - 00004F7B (0x115 bytes), align: 0
  Segment part 82.            Intra module refs:   App_WebProvisioning_OverAirPush
           ENTRY                   ADDRESS         REF BY
           =====                   =======         ======
           App_StartupLimitedAP    00004E67 
               calls direct
               CSTACK = 00000000 ( 00000008 )
    -------------------------------------------------------------------------
CODE
  Relative segment, address: 00004F7C - 00005136 (0x1bb bytes), align: 0
  Segment part 84.
           ENTRY                   ADDRESS         REF BY
           =====                   =======         ======
           App_WebProvisioning_OverAirPush
                                   00004F7C        main (main)
               calls direct
               CSTACK = 00000000 ( 00000012 )
    -------------------------------------------------------------------------
NEAR_CONST
  Relative segment, address: 000F3000 - 000F300B (0xc bytes), align: 1
  Segment part 2.             Intra module refs:   App_InitModule
    -------------------------------------------------------------------------
NEAR_CONST
  Relative segment, address: 000F300C - 000F3017 (0xc bytes), align: 1
  Segment part 3.             Intra module refs:   App_InitModule
    -------------------------------------------------------------------------
NEAR_CONST
  Relative segment, address: 000F3018 - 000F3023 (0xc bytes), align: 1
  Segment part 4.             Intra module refs:   App_InitModule
    -------------------------------------------------------------------------
NEAR_CONST
  Relative segment, address: 000F3024 - 000F302F (0xc bytes), align: 1
  Segment part 5.             Intra module refs:   App_InitModule
    -------------------------------------------------------------------------
NEAR_CONST
  Relative segment, address: 000F3030 - 000F3031 (0x2 bytes), align: 1
  Segment part 6.             Intra module refs:   App_InitModule
                                                   App_StartupLimitedAP
                                                   App_WebProvisioning_OverAirPush
    -------------------------------------------------------------------------
NEAR_CONST
  Relative segment, address: 000F3032 - 000F303D (0xc bytes), align: 1
  Segment part 7.             Intra module refs:   App_StartupLimitedAP
    -------------------------------------------------------------------------
NEAR_CONST
  Relative segment, address: 000F303E - 000F304B (0xe bytes), align: 1
  Segment part 8.             Intra module refs:   App_StartupLimitedAP
    -------------------------------------------------------------------------
NEAR_CONST
  Relative segment, address: 000F304C - 000F3059 (0xe bytes), align: 1
  Segment part 9.             Intra module refs:   App_StartupLimitedAP
    -------------------------------------------------------------------------
NEAR_CONST
  Relative segment, address: 000F305A - 000F3061 (0x8 bytes), align: 1
  Segment part 10.            Intra module refs:   App_StartupLimitedAP
    -------------------------------------------------------------------------
NEAR_CONST
  Relative segment, address: 000F3062 - 000F3071 (0x10 bytes), align: 1
  Segment part 11.            Intra module refs:   App_StartupLimitedAP
    -------------------------------------------------------------------------
NEAR_CONST
  Relative segment, address: 000F3072 - 000F3077 (0x6 bytes), align: 1
  Segment part 12.            Intra module refs:   App_StartupLimitedAP
    -------------------------------------------------------------------------
NEAR_CONST
  Relative segment, address: 000F3078 - 000F307D (0x6 bytes), align: 1
  Segment part 13.            Intra module refs:   App_StartupLimitedAP
    -------------------------------------------------------------------------
NEAR_CONST
  Relative segment, address: 000F307E - 000F3095 (0x18 bytes), align: 1
  Segment part 14.            Intra module refs:   App_StartupLimitedAP
    -------------------------------------------------------------------------
NEAR_CONST
  Relative segment, address: 000F3096 - 000F309F (0xa bytes), align: 1
  Segment part 15.            Intra module refs:   App_StartupLimitedAP
    -------------------------------------------------------------------------
NEAR_CONST
  Relative segment, address: 000F30A0 - 000F30AB (0xc bytes), align: 1
  Segment part 16.            Intra module refs:   App_StartupLimitedAP
    -------------------------------------------------------------------------
NEAR_CONST
  Relative segment, address: 000F30AC - 000F30B9 (0xe bytes), align: 1
  Segment part 17.            Intra module refs:   App_StartupLimitedAP
    -------------------------------------------------------------------------
NEAR_CONST
  Relative segment, address: 000F30BA - 000F30C9 (0x10 bytes), align: 1
  Segment part 29.            Intra module refs:   App_WebProvisioning_OverAirPush
    -------------------------------------------------------------------------
NEAR_CONST
  Relative segment, address: 000F30CA - 000F30CF (0x6 bytes), align: 1
  Segment part 30.            Intra module refs:   App_WebProvisioning_OverAirPush
    -------------------------------------------------------------------------
NEAR_CONST
  Relative segment, address: 000F30D0 - 000F30DB (0xc bytes), align: 1
  Segment part 31.            Intra module refs:   App_WebProvisioning_OverAirPush
    -------------------------------------------------------------------------
NEAR_CONST
  Relative segment, address: 000F30DC - 000F30DD (0x2 bytes), align: 1
  Segment part 32.            Intra module refs:   App_WebProvisioning_OverAirPush
    -------------------------------------------------------------------------
NEAR_CONST
  Relative segment, address: 000F30DE - 000F30EB (0xe bytes), align: 1
  Segment part 33.            Intra module refs:   App_WebProvisioning_OverAirPush
    -------------------------------------------------------------------------
NEAR_CONST
  Relative segment, address: 000F30EC - 000F30F9 (0xe bytes), align: 1
  Segment part 34.            Intra module refs:   App_WebProvisioning_OverAirPush
    -------------------------------------------------------------------------
NEAR_CONST
  Relative segment, address: 000F30FA - 000F3101 (0x8 bytes), align: 1
  Segment part 35.            Intra module refs:   App_WebProvisioning_OverAirPush
    -------------------------------------------------------------------------
NEAR_CONST
  Relative segment, address: 000F3102 - 000F3107 (0x6 bytes), align: 1
  Segment part 36.            Intra module refs:   App_WebProvisioning_OverAirPush
    -------------------------------------------------------------------------
NEAR_CONST
  Relative segment, address: 000F3108 - 000F3115 (0xe bytes), align: 1
  Segment part 37.            Intra module refs:   App_WebProvisioning_OverAirPush
    -------------------------------------------------------------------------
NEAR_CONST
  Relative segment, address: 000F3116 - 000F3123 (0xe bytes), align: 1
  Segment part 38.            Intra module refs:   App_WebProvisioning_OverAirPush
    -------------------------------------------------------------------------
NEAR_CONST
  Relative segment, address: 000F3124 - 000F3129 (0x6 bytes), align: 1
  Segment part 39.            Intra module refs:   App_WebProvisioning_OverAirPush
    -------------------------------------------------------------------------
NEAR_CONST
  Relative segment, address: 000F312A - 000F312F (0x6 bytes), align: 1
  Segment part 40.            Intra module refs:   App_WebProvisioning_OverAirPush
    -------------------------------------------------------------------------
NEAR_CONST
  Relative segment, address: 000F3130 - 000F3133 (0x4 bytes), align: 1
  Segment part 41.            Intra module refs:   App_WebProvisioning_OverAirPush
    -------------------------------------------------------------------------
NEAR_CONST
  Relative segment, address: 000F3134 - 000F3143 (0x10 bytes), align: 1
  Segment part 42.            Intra module refs:   App_WebProvisioning_OverAirPush
    -------------------------------------------------------------------------
NEAR_CONST
  Relative segment, address: 000F3144 - 000F3151 (0xe bytes), align: 1
  Segment part 43.            Intra module refs:   App_WebProvisioning_OverAirPush
    -------------------------------------------------------------------------
NEAR_CONST
  Relative segment, address: 000F3152 - 000F3159 (0x8 bytes), align: 1
  Segment part 44.            Intra module refs:   App_WebProvisioning_OverAirPush
    -------------------------------------------------------------------------
NEAR_CONST
  Relative segment, address: 000F315A - 000F316B (0x12 bytes), align: 1
  Segment part 45.            Intra module refs:   App_WebProvisioning_OverAirPush
    -------------------------------------------------------------------------
NEAR_CONST
  Relative segment, address: 000F316C - 000F317B (0x10 bytes), align: 1
  Segment part 46.            Intra module refs:   App_WebProvisioning_OverAirPush
    -------------------------------------------------------------------------
NEAR_CONST
  Relative segment, address: 000F317C - 000F3189 (0xe bytes), align: 1
  Segment part 47.            Intra module refs:   App_WebProvisioning_OverAirPush
    -------------------------------------------------------------------------
NEAR_CONST
  Relative segment, address: 000F318A - 000F3197 (0xe bytes), align: 1
  Segment part 48.            Intra module refs:   App_WebProvisioning_OverAirPush
    -------------------------------------------------------------------------
NEAR_CONST
  Relative segment, address: 000F3198 - 000F31A3 (0xc bytes), align: 1
  Segment part 49.            Intra module refs:   App_WebProvisioning_OverAirPush
    -------------------------------------------------------------------------
NEAR_CONST
  Relative segment, address: 000F31A4 - 000F31B1 (0xe bytes), align: 1
  Segment part 50.            Intra module refs:   App_WebProvisioning_OverAirPush
    -------------------------------------------------------------------------
NEAR_CONST
  Relative segment, address: 000F31B2 - 000F31BF (0xe bytes), align: 1
  Segment part 51.            Intra module refs:   App_WebProvisioning_OverAirPush
    -------------------------------------------------------------------------
NEAR_CONST
  Relative segment, address: 000F31C0 - 000F31CB (0xc bytes), align: 1
  Segment part 52.            Intra module refs:   App_WebProvisioning_OverAirPush
    -------------------------------------------------------------------------
NEAR_CONST_ID
  Relative segment, address: 00003000 - 0000300B (0xc bytes), align: 1
  Segment part 88.            Intra module refs:   Segment part 2
    -------------------------------------------------------------------------
NEAR_CONST_ID
  Relative segment, address: 0000300C - 00003017 (0xc bytes), align: 1
  Segment part 89.            Intra module refs:   Segment part 3
    -------------------------------------------------------------------------
NEAR_CONST_ID
  Relative segment, address: 00003018 - 00003023 (0xc bytes), align: 1
  Segment part 90.            Intra module refs:   Segment part 4
    -------------------------------------------------------------------------
NEAR_CONST_ID
  Relative segment, address: 00003024 - 0000302F (0xc bytes), align: 1
  Segment part 91.            Intra module refs:   Segment part 5
    -------------------------------------------------------------------------
NEAR_CONST_ID
  Relative segment, address: 00003030 - 00003031 (0x2 bytes), align: 1
  Segment part 92.            Intra module refs:   Segment part 6
    -------------------------------------------------------------------------
NEAR_CONST_ID
  Relative segment, address: 00003032 - 0000303D (0xc bytes), align: 1
  Segment part 93.            Intra module refs:   Segment part 7
    -------------------------------------------------------------------------
NEAR_CONST_ID
  Relative segment, address: 0000303E - 0000304B (0xe bytes), align: 1
  Segment part 94.            Intra module refs:   Segment part 8
    -------------------------------------------------------------------------
NEAR_CONST_ID
  Relative segment, address: 0000304C - 00003059 (0xe bytes), align: 1
  Segment part 95.            Intra module refs:   Segment part 9
    -------------------------------------------------------------------------
NEAR_CONST_ID
  Relative segment, address: 0000305A - 00003061 (0x8 bytes), align: 1
  Segment part 96.            Intra module refs:   Segment part 10
    -------------------------------------------------------------------------
NEAR_CONST_ID
  Relative segment, address: 00003062 - 00003071 (0x10 bytes), align: 1
  Segment part 97.            Intra module refs:   Segment part 11
    -------------------------------------------------------------------------
NEAR_CONST_ID
  Relative segment, address: 00003072 - 00003077 (0x6 bytes), align: 1
  Segment part 98.            Intra module refs:   Segment part 12
    -------------------------------------------------------------------------
NEAR_CONST_ID
  Relative segment, address: 00003078 - 0000307D (0x6 bytes), align: 1
  Segment part 99.            Intra module refs:   Segment part 13
    -------------------------------------------------------------------------
NEAR_CONST_ID
  Relative segment, address: 0000307E - 00003095 (0x18 bytes), align: 1
  Segment part 100.           Intra module refs:   Segment part 14
    -------------------------------------------------------------------------
NEAR_CONST_ID
  Relative segment, address: 00003096 - 0000309F (0xa bytes), align: 1
  Segment part 101.           Intra module refs:   Segment part 15
    -------------------------------------------------------------------------
NEAR_CONST_ID
  Relative segment, address: 000030A0 - 000030AB (0xc bytes), align: 1
  Segment part 102.           Intra module refs:   Segment part 16
    -------------------------------------------------------------------------
NEAR_CONST_ID
  Relative segment, address: 000030AC - 000030B9 (0xe bytes), align: 1
  Segment part 103.           Intra module refs:   Segment part 17
    -------------------------------------------------------------------------
NEAR_CONST_ID
  Relative segment, address: 000030BA - 000030C9 (0x10 bytes), align: 1
  Segment part 115.           Intra module refs:   Segment part 29
    -------------------------------------------------------------------------
NEAR_CONST_ID
  Relative segment, address: 000030CA - 000030CF (0x6 bytes), align: 1
  Segment part 116.           Intra module refs:   Segment part 30
    -------------------------------------------------------------------------
NEAR_CONST_ID
  Relative segment, address: 000030D0 - 000030DB (0xc bytes), align: 1
  Segment part 117.           Intra module refs:   Segment part 31
    -------------------------------------------------------------------------
NEAR_CONST_ID
  Relative segment, address: 000030DC - 000030DD (0x2 bytes), align: 1
  Segment part 118.           Intra module refs:   Segment part 32
    -------------------------------------------------------------------------
NEAR_CONST_ID
  Relative segment, address: 000030DE - 000030EB (0xe bytes), align: 1
  Segment part 119.           Intra module refs:   Segment part 33
    -------------------------------------------------------------------------
NEAR_CONST_ID
  Relative segment, address: 000030EC - 000030F9 (0xe bytes), align: 1
  Segment part 120.           Intra module refs:   Segment part 34
    -------------------------------------------------------------------------
NEAR_CONST_ID
  Relative segment, address: 000030FA - 00003101 (0x8 bytes), align: 1
  Segment part 121.           Intra module refs:   Segment part 35
    -------------------------------------------------------------------------
NEAR_CONST_ID
  Relative segment, address: 00003102 - 00003107 (0x6 bytes), align: 1
  Segment part 122.           Intra module refs:   Segment part 36
    -------------------------------------------------------------------------
NEAR_CONST_ID
  Relative segment, address: 00003108 - 00003115 (0xe bytes), align: 1
  Segment part 123.           Intra module refs:   Segment part 37
    -------------------------------------------------------------------------
NEAR_CONST_ID
  Relative segment, address: 00003116 - 00003123 (0xe bytes), align: 1
  Segment part 124.           Intra module refs:   Segment part 38
    -------------------------------------------------------------------------
NEAR_CONST_ID
  Relative segment, address: 00003124 - 00003129 (0x6 bytes), align: 1
  Segment part 125.           Intra module refs:   Segment part 39
    -------------------------------------------------------------------------
NEAR_CONST_ID
  Relative segment, address: 0000312A - 0000312F (0x6 bytes), align: 1
  Segment part 126.           Intra module refs:   Segment part 40
    -------------------------------------------------------------------------
NEAR_CONST_ID
  Relative segment, address: 00003130 - 00003133 (0x4 bytes), align: 1
  Segment part 127.           Intra module refs:   Segment part 41
    -------------------------------------------------------------------------
NEAR_CONST_ID
  Relative segment, address: 00003134 - 00003143 (0x10 bytes), align: 1
  Segment part 128.           Intra module refs:   Segment part 42
    -------------------------------------------------------------------------
NEAR_CONST_ID
  Relative segment, address: 00003144 - 00003151 (0xe bytes), align: 1
  Segment part 129.           Intra module refs:   Segment part 43
    -------------------------------------------------------------------------
NEAR_CONST_ID
  Relative segment, address: 00003152 - 00003159 (0x8 bytes), align: 1
  Segment part 130.           Intra module refs:   Segment part 44
    -------------------------------------------------------------------------
NEAR_CONST_ID
  Relative segment, address: 0000315A - 0000316B (0x12 bytes), align: 1
  Segment part 131.           Intra module refs:   Segment part 45
    -------------------------------------------------------------------------
NEAR_CONST_ID
  Relative segment, address: 0000316C - 0000317B (0x10 bytes), align: 1
  Segment part 132.           Intra module refs:   Segment part 46
    -------------------------------------------------------------------------
NEAR_CONST_ID
  Relative segment, address: 0000317C - 00003189 (0xe bytes), align: 1
  Segment part 133.           Intra module refs:   Segment part 47
    -------------------------------------------------------------------------
NEAR_CONST_ID
  Relative segment, address: 0000318A - 00003197 (0xe bytes), align: 1
  Segment part 134.           Intra module refs:   Segment part 48
    -------------------------------------------------------------------------
NEAR_CONST_ID
  Relative segment, address: 00003198 - 000031A3 (0xc bytes), align: 1
  Segment part 135.           Intra module refs:   Segment part 49
    -------------------------------------------------------------------------
NEAR_CONST_ID
  Relative segment, address: 000031A4 - 000031B1 (0xe bytes), align: 1
  Segment part 136.           Intra module refs:   Segment part 50
    -------------------------------------------------------------------------
NEAR_CONST_ID
  Relative segment, address: 000031B2 - 000031BF (0xe bytes), align: 1
  Segment part 137.           Intra module refs:   Segment part 51
    -------------------------------------------------------------------------
NEAR_CONST_ID
  Relative segment, address: 000031C0 - 000031CB (0xc bytes), align: 1
  Segment part 138.           Intra module refs:   Segment part 52

    *************************************************************************

  FILE NAME : C:\Users\Steve\Dropbox\Kiln\CustomerProjects\RenesasDemo\Factory_Demo_Whisker\YRDKRL78G14\Debug\Obj\App_WhiskerGW.r87
  PROGRAM MODULE, NAME : App_WhiskerGW

  SEGMENTS IN THE MODULE
  ======================
NEAR_Z
  Relative segment, address: 000FA0E8 - 000FA17F (0x98 bytes), align: 1
  Segment part 52.            Intra module refs:   App_ConnectMqtt
                                                   App_WhiskerGW
           ENTRY                   ADDRESS         REF BY
           =====                   =======         ======
           broker                  000FA0E8 
    -------------------------------------------------------------------------
NEAR_Z
  Relative segment, address: 000FA180 - 000FA181 (0x2 bytes), align: 1
  Segment part 53.            Intra module refs:   App_ConnectMqtt
                                                   App_WhiskerGW
           ENTRY                   ADDRESS         REF BY
           =====                   =======         ======
           mqttConnected           000FA180 
    -------------------------------------------------------------------------
NEAR_Z
  Relative segment, address: 000FA182 - 000FA193 (0x12 bytes), align: 1
  Segment part 54.            Intra module refs:   App_WhiskerGW
                                                   WIFI_init
           LOCAL                   ADDRESS         
           =====                   =======         
           WifiMAC                 000FA182 
    -------------------------------------------------------------------------
NEAR_I
  Relative segment, address: 000F9F00 - 000F9F47 (0x48 bytes), align: 1
  Segment part 55.            Intra module refs:   findModule
           ENTRY                   ADDRESS         REF BY
           =====                   =======         ======
           moduleList              000F9F00 
    -------------------------------------------------------------------------
CODE
  Relative segment, address: 00005137 - 00005185 (0x4f bytes), align: 0
  Segment part 62.            Intra module refs:   App_WhiskerGW
           ENTRY                   ADDRESS         REF BY
           =====                   =======         ======
           RSSIReading             00005137 
               calls direct
               CSTACK = 00000000 ( 0000001C )
    -------------------------------------------------------------------------
CODE
  Relative segment, address: 00005186 - 00005311 (0x18c bytes), align: 0
  Segment part 63.            Intra module refs:   App_WhiskerGW
           ENTRY                   ADDRESS         REF BY
           =====                   =======         ======
           WIFI_init               00005186 
               calls direct
               CSTACK = 00000000 ( 00000006 )
    -------------------------------------------------------------------------
CODE
  Relative segment, address: 00005312 - 0000537A (0x69 bytes), align: 0
  Segment part 64.            Intra module refs:   App_WhiskerGW
                                                   WIFI_Associate
           ENTRY                   ADDRESS         REF BY
           =====                   =======         ======
           App_ConnectMqtt         00005312 
               calls direct
               CSTACK = 00000000 ( 00000006 )
    -------------------------------------------------------------------------
CODE
  Relative segment, address: 0000537B - 00005440 (0xc6 bytes), align: 0
  Segment part 65.            Intra module refs:   App_WhiskerGW
           ENTRY                   ADDRESS         REF BY
           =====                   =======         ======
           WIFI_Associate          0000537B 
               calls direct
               CSTACK = 00000000 ( 00000006 )
    -------------------------------------------------------------------------
NEAR_I
  Relative segment, address: 000FA03E - 000FA03E (0x1 bytes), align: 0
  Segment part 59.            Intra module refs:   WIFI_Associate
           LOCAL                   ADDRESS         
           =====                   =======         
           WIFI_Associate::WEPMode
                                   000FA03E 
    -------------------------------------------------------------------------
CODE
  Relative segment, address: 00005441 - 00005493 (0x53 bytes), align: 0
  Segment part 66.            Intra module refs:   App_WhiskerGW
           ENTRY                   ADDRESS         REF BY
           =====                   =======         ======
           findModule              00005441 
               CSTACK = 00000000 ( 0000000A )
    -------------------------------------------------------------------------
CODE
  Relative segment, address: 00005494 - 00005494 (0x1 bytes), align: 0
  Segment part 67.            Intra module refs:   App_WhiskerGW
           ENTRY                   ADDRESS         REF BY
           =====                   =======         ======
           App_MQTTMsgPublished    00005494 
    -------------------------------------------------------------------------
CODE
  Relative segment, address: 00005495 - 00005C70 (0x7dc bytes), align: 0
  Segment part 68.
           ENTRY                   ADDRESS         REF BY
           =====                   =======         ======
           App_WhiskerGW           00005495        main (main)
               calls direct
               CSTACK = 00000000 ( 00000202 )
    -------------------------------------------------------------------------
NEAR_ID
  Relative segment, address: 0000B5F6 - 0000B63D (0x48 bytes), align: 1
  Segment part 56.            Intra module refs:   moduleList
    -------------------------------------------------------------------------
NEAR_ID
  Relative segment, address: 0000B734 - 0000B734 (0x1 bytes), align: 0
  Segment part 60.            Intra module refs:   WIFI_Associate::WEPMode
    -------------------------------------------------------------------------
NEAR_CONST
  Relative segment, address: 000F31CC - 000F31D7 (0xc bytes), align: 1
  Segment part 2.             Intra module refs:   RSSIReading
    -------------------------------------------------------------------------
NEAR_CONST
  Relative segment, address: 000F31D8 - 000F31E3 (0xc bytes), align: 1
  Segment part 3.             Intra module refs:   RSSIReading
    -------------------------------------------------------------------------
NEAR_CONST
  Relative segment, address: 000F31E4 - 000F31F1 (0xe bytes), align: 1
  Segment part 4.             Intra module refs:   WIFI_init
    -------------------------------------------------------------------------
NEAR_CONST
  Relative segment, address: 000F31F2 - 000F31FF (0xe bytes), align: 1
  Segment part 5.             Intra module refs:   WIFI_init
    -------------------------------------------------------------------------
NEAR_CONST
  Relative segment, address: 000F3200 - 000F320D (0xe bytes), align: 1
  Segment part 6.             Intra module refs:   WIFI_init
    -------------------------------------------------------------------------
NEAR_CONST
  Relative segment, address: 000F320E - 000F321B (0xe bytes), align: 1
  Segment part 7.             Intra module refs:   WIFI_init
    -------------------------------------------------------------------------
NEAR_CONST
  Relative segment, address: 000F321C - 000F3229 (0xe bytes), align: 1
  Segment part 8.             Intra module refs:   WIFI_init
    -------------------------------------------------------------------------
NEAR_CONST
  Relative segment, address: 000F322A - 000F3237 (0xe bytes), align: 1
  Segment part 9.             Intra module refs:   WIFI_init
    -------------------------------------------------------------------------
NEAR_CONST
  Relative segment, address: 000F3238 - 000F3245 (0xe bytes), align: 1
  Segment part 10.            Intra module refs:   WIFI_init
    -------------------------------------------------------------------------
NEAR_CONST
  Relative segment, address: 000F3246 - 000F324D (0x8 bytes), align: 1
  Segment part 11.            Intra module refs:   WIFI_init
    -------------------------------------------------------------------------
NEAR_CONST
  Relative segment, address: 000F324E - 000F325B (0xe bytes), align: 1
  Segment part 12.            Intra module refs:   WIFI_init
    -------------------------------------------------------------------------
NEAR_CONST
  Relative segment, address: 000F325C - 000F3269 (0xe bytes), align: 1
  Segment part 13.            Intra module refs:   WIFI_init
    -------------------------------------------------------------------------
NEAR_CONST
  Relative segment, address: 000F326A - 000F3279 (0x10 bytes), align: 1
  Segment part 14.            Intra module refs:   WIFI_Associate
                                                   WIFI_init
    -------------------------------------------------------------------------
NEAR_CONST
  Relative segment, address: 000F327A - 000F3285 (0xc bytes), align: 1
  Segment part 15.            Intra module refs:   WIFI_init
    -------------------------------------------------------------------------
NEAR_CONST
  Relative segment, address: 000F3286 - 000F3293 (0xe bytes), align: 1
  Segment part 16.            Intra module refs:   WIFI_init
    -------------------------------------------------------------------------
NEAR_CONST
  Relative segment, address: 000F3294 - 000F329F (0xc bytes), align: 1
  Segment part 17.            Intra module refs:   App_ConnectMqtt
    -------------------------------------------------------------------------
NEAR_CONST
  Relative segment, address: 000F32A0 - 000F32C5 (0x26 bytes), align: 1
  Segment part 18.            Intra module refs:   App_ConnectMqtt
    -------------------------------------------------------------------------
NEAR_CONST
  Relative segment, address: 000F32C6 - 000F32E7 (0x22 bytes), align: 1
  Segment part 19.            Intra module refs:   App_ConnectMqtt
    -------------------------------------------------------------------------
NEAR_CONST
  Relative segment, address: 000F32E8 - 000F32F9 (0x12 bytes), align: 1
  Segment part 20.            Intra module refs:   App_ConnectMqtt
                                                   WIFI_Associate
    -------------------------------------------------------------------------
NEAR_CONST
  Relative segment, address: 000F32FA - 000F3307 (0xe bytes), align: 1
  Segment part 21.            Intra module refs:   WIFI_Associate
    -------------------------------------------------------------------------
NEAR_CONST
  Relative segment, address: 000F3308 - 000F3317 (0x10 bytes), align: 1
  Segment part 22.            Intra module refs:   WIFI_Associate
    -------------------------------------------------------------------------
NEAR_CONST
  Relative segment, address: 000F3318 - 000F3327 (0x10 bytes), align: 1
  Segment part 23.            Intra module refs:   WIFI_Associate
    -------------------------------------------------------------------------
NEAR_CONST
  Relative segment, address: 000F3328 - 000F3335 (0xe bytes), align: 1
  Segment part 24.            Intra module refs:   WIFI_Associate
    -------------------------------------------------------------------------
NEAR_CONST
  Relative segment, address: 000F3336 - 000F3345 (0x10 bytes), align: 1
  Segment part 25.            Intra module refs:   WIFI_Associate
    -------------------------------------------------------------------------
NEAR_CONST
  Relative segment, address: 000F3346 - 000F3359 (0x14 bytes), align: 1
  Segment part 26.            Intra module refs:   WIFI_Associate
    -------------------------------------------------------------------------
NEAR_CONST
  Relative segment, address: 000F335A - 000F3369 (0x10 bytes), align: 1
  Segment part 27.            Intra module refs:   App_WhiskerGW
    -------------------------------------------------------------------------
NEAR_CONST
  Relative segment, address: 000F336A - 000F337D (0x14 bytes), align: 1
  Segment part 28.            Intra module refs:   App_WhiskerGW
    -------------------------------------------------------------------------
NEAR_CONST
  Relative segment, address: 000F337E - 000F3383 (0x6 bytes), align: 1
  Segment part 29.            Intra module refs:   App_WhiskerGW
    -------------------------------------------------------------------------
NEAR_CONST
  Relative segment, address: 000F3384 - 000F3389 (0x6 bytes), align: 1
  Segment part 30.            Intra module refs:   App_WhiskerGW
    -------------------------------------------------------------------------
NEAR_CONST
  Relative segment, address: 000F338A - 000F338D (0x4 bytes), align: 1
  Segment part 31.            Intra module refs:   App_WhiskerGW
    -------------------------------------------------------------------------
NEAR_CONST
  Relative segment, address: 000F338E - 000F3395 (0x8 bytes), align: 1
  Segment part 32.            Intra module refs:   App_WhiskerGW
    -------------------------------------------------------------------------
NEAR_CONST
  Relative segment, address: 000F3396 - 000F339B (0x6 bytes), align: 1
  Segment part 33.            Intra module refs:   App_WhiskerGW
    -------------------------------------------------------------------------
NEAR_CONST
  Relative segment, address: 000F339C - 000F33A7 (0xc bytes), align: 1
  Segment part 34.            Intra module refs:   App_WhiskerGW
    -------------------------------------------------------------------------
NEAR_CONST
  Relative segment, address: 000F33A8 - 000F33AD (0x6 bytes), align: 1
  Segment part 35.            Intra module refs:   App_WhiskerGW
    -------------------------------------------------------------------------
NEAR_CONST
  Relative segment, address: 000F33AE - 000F33B3 (0x6 bytes), align: 1
  Segment part 36.            Intra module refs:   App_WhiskerGW
    -------------------------------------------------------------------------
NEAR_CONST
  Relative segment, address: 000F33B4 - 000F33B9 (0x6 bytes), align: 1
  Segment part 37.            Intra module refs:   App_WhiskerGW
    -------------------------------------------------------------------------
NEAR_CONST
  Relative segment, address: 000F33BA - 000F33BF (0x6 bytes), align: 1
  Segment part 38.            Intra module refs:   App_WhiskerGW
    -------------------------------------------------------------------------
NEAR_CONST
  Relative segment, address: 000F33C0 - 000F33C7 (0x8 bytes), align: 1
  Segment part 39.            Intra module refs:   App_WhiskerGW
    -------------------------------------------------------------------------
NEAR_CONST
  Relative segment, address: 000F33C8 - 000F33D3 (0xc bytes), align: 1
  Segment part 40.            Intra module refs:   App_WhiskerGW
    -------------------------------------------------------------------------
NEAR_CONST
  Relative segment, address: 000F33D4 - 000F33D7 (0x4 bytes), align: 1
  Segment part 41.            Intra module refs:   App_WhiskerGW
    -------------------------------------------------------------------------
NEAR_CONST
  Relative segment, address: 000F33D8 - 000F33DF (0x8 bytes), align: 1
  Segment part 42.            Intra module refs:   App_WhiskerGW
    -------------------------------------------------------------------------
NEAR_CONST
  Relative segment, address: 000F33E0 - 000F33E7 (0x8 bytes), align: 1
  Segment part 43.            Intra module refs:   App_WhiskerGW
    -------------------------------------------------------------------------
NEAR_CONST
  Relative segment, address: 000F33E8 - 000F33EF (0x8 bytes), align: 1
  Segment part 44.            Intra module refs:   App_WhiskerGW
    -------------------------------------------------------------------------
NEAR_CONST
  Relative segment, address: 000F33F0 - 000F33F7 (0x8 bytes), align: 1
  Segment part 45.            Intra module refs:   App_WhiskerGW
    -------------------------------------------------------------------------
NEAR_CONST
  Relative segment, address: 000F33F8 - 000F33F9 (0x2 bytes), align: 1
  Segment part 46.            Intra module refs:   App_WhiskerGW
    -------------------------------------------------------------------------
NEAR_CONST
  Relative segment, address: 000F33FA - 000F33FF (0x6 bytes), align: 1
  Segment part 47.            Intra module refs:   App_WhiskerGW
    -------------------------------------------------------------------------
NEAR_CONST
  Relative segment, address: 000F3400 - 000F3415 (0x16 bytes), align: 1
  Segment part 48.            Intra module refs:   App_WhiskerGW
    -------------------------------------------------------------------------
NEAR_CONST
  Relative segment, address: 000F3416 - 000F3421 (0xc bytes), align: 1
  Segment part 49.            Intra module refs:   App_WhiskerGW
    -------------------------------------------------------------------------
NEAR_CONST
  Relative segment, address: 000F3422 - 000F3425 (0x4 bytes), align: 1
  Segment part 50.            Intra module refs:   App_WhiskerGW
    -------------------------------------------------------------------------
NEAR_CONST
  Relative segment, address: 000F3426 - 000F342F (0xa bytes), align: 1
  Segment part 51.            Intra module refs:   App_WhiskerGW
    -------------------------------------------------------------------------
NEAR_CONST_ID
  Relative segment, address: 000031CC - 000031D7 (0xc bytes), align: 1
  Segment part 69.            Intra module refs:   Segment part 2
    -------------------------------------------------------------------------
NEAR_CONST_ID
  Relative segment, address: 000031D8 - 000031E3 (0xc bytes), align: 1
  Segment part 70.            Intra module refs:   Segment part 3
    -------------------------------------------------------------------------
NEAR_CONST_ID
  Relative segment, address: 000031E4 - 000031F1 (0xe bytes), align: 1
  Segment part 71.            Intra module refs:   Segment part 4
    -------------------------------------------------------------------------
NEAR_CONST_ID
  Relative segment, address: 000031F2 - 000031FF (0xe bytes), align: 1
  Segment part 72.            Intra module refs:   Segment part 5
    -------------------------------------------------------------------------
NEAR_CONST_ID
  Relative segment, address: 00003200 - 0000320D (0xe bytes), align: 1
  Segment part 73.            Intra module refs:   Segment part 6
    -------------------------------------------------------------------------
NEAR_CONST_ID
  Relative segment, address: 0000320E - 0000321B (0xe bytes), align: 1
  Segment part 74.            Intra module refs:   Segment part 7
    -------------------------------------------------------------------------
NEAR_CONST_ID
  Relative segment, address: 0000321C - 00003229 (0xe bytes), align: 1
[...]
  Segment part 25.            Intra module refs:   _LitobLarge
    -------------------------------------------------------------------------
CODE
  Relative segment, address: 0000ABEC - 0000AC3F (0x54 bytes), align: 0
  Segment part 26.            Intra module refs:   _LdtobLarge
           LOCAL                   ADDRESS         
           =====                   =======         
           scale                   0000ABEC 
               CSTACK = 00000000 ( 0000000E )
    -------------------------------------------------------------------------
CODE
  Relative segment, address: 0000AC40 - 0000AEA5 (0x266 bytes), align: 0
  Segment part 27.            Intra module refs:   _PrintfLarge
           LOCAL                   ADDRESS         
           =====                   =======         
           _LdtobLarge             0000AC40 
               calls direct
               CSTACK = 00000000 ( 0000004C )
    -------------------------------------------------------------------------
CODE
  Relative segment, address: 0000AEA6 - 0000AEAB (0x6 bytes), align: 0
  Segment part 28.            Intra module refs:   _GenldLarge
                                                   _LdtobLarge
                                                   _LitobLarge
    -------------------------------------------------------------------------
CODE
  Relative segment, address: 0000AEAC - 0000AEB2 (0x7 bytes), align: 0
  Segment part 29.            Intra module refs:   _GenldLarge
                                                   _LdtobLarge
                                                   _PrintfLarge
    -------------------------------------------------------------------------
CODE
  Relative segment, address: 0000AEB3 - 0000B24B (0x399 bytes), align: 0
  Segment part 30.            Intra module refs:   _LdtobLarge
           LOCAL                   ADDRESS         
           =====                   =======         
           _GenldLarge             0000AEB3 
               calls direct
               CSTACK = 00000004 ( 00000020 )
    -------------------------------------------------------------------------
CODE
  Relative segment, address: 0000B24C - 0000B24C (0x1 bytes), align: 0
  Segment part 31.            Intra module refs:   _GenldLarge
                                                   _LitobLarge
    -------------------------------------------------------------------------
CODE
  Relative segment, address: 0000B24D - 0000B251 (0x5 bytes), align: 0
  Segment part 32.            Intra module refs:   Segment part 31
                                                   _GenldLarge
                                                   _LitobLarge
    -------------------------------------------------------------------------
CODE
  Relative segment, address: 0000B252 - 0000B25A (0x9 bytes), align: 0
  Segment part 33.            Intra module refs:   _GenldLarge
    -------------------------------------------------------------------------
CODE
  Relative segment, address: 0000B25B - 0000B263 (0x9 bytes), align: 0
  Segment part 34.            Intra module refs:   _GenldLarge
    -------------------------------------------------------------------------
CODE
  Relative segment, address: 0000B264 - 0000B286 (0x23 bytes), align: 0
  Segment part 35.            Intra module refs:   _PrintfLarge
                                                   _PutcharsLarge
           LOCAL                   ADDRESS         
           =====                   =======         
           _PutcharLarge           0000B264 
               calls indirect
               CSTACK = 00000000 ( 00000004 )
    -------------------------------------------------------------------------
CODE
  Relative segment, address: 0000B287 - 0000B2B4 (0x2e bytes), align: 0
  Segment part 36.            Intra module refs:   _PrintfLarge
                                                   pad
           LOCAL                   ADDRESS         
           =====                   =======         
           _PutcharsLarge          0000B287 
               calls direct
               CSTACK = 00000002 ( 00000006 )
    -------------------------------------------------------------------------
NEAR_ID
  Relative segment, address: 0000B6CE - 0000B6D5 (0x8 bytes), align: 1
  Segment part 3.             Intra module refs:   Segment part 2
    -------------------------------------------------------------------------
NEAR_ID
  Relative segment, address: 0000B6D6 - 0000B6D9 (0x4 bytes), align: 1
  Segment part 5.             Intra module refs:   Segment part 4
    -------------------------------------------------------------------------
NEAR_ID
  Relative segment, address: 0000B6DA - 0000B6DD (0x4 bytes), align: 1
  Segment part 7.             Intra module refs:   Segment part 6
    -------------------------------------------------------------------------
NEAR_ID
  Relative segment, address: 0000B6DE - 0000B6E1 (0x4 bytes), align: 1
  Segment part 9.             Intra module refs:   Segment part 8
    -------------------------------------------------------------------------
NEAR_ID
  Relative segment, address: 0000B6E2 - 0000B6E5 (0x4 bytes), align: 1
  Segment part 11.            Intra module refs:   Segment part 10
    -------------------------------------------------------------------------
NEAR_ID
  Relative segment, address: 0000B6E6 - 0000B6E7 (0x2 bytes), align: 1
  Segment part 13.            Intra module refs:   Segment part 12
    -------------------------------------------------------------------------
NEAR_I
  Relative segment, address: 000F9FD8 - 000F9FDF (0x8 bytes), align: 1
  Segment part 2.             Intra module refs:   _PrintfLarge
    -------------------------------------------------------------------------
NEAR_I
  Relative segment, address: 000F9FE0 - 000F9FE3 (0x4 bytes), align: 1
  Segment part 4.             Intra module refs:   _LdtobLarge
    -------------------------------------------------------------------------
NEAR_I
  Relative segment, address: 000F9FE4 - 000F9FE7 (0x4 bytes), align: 1
  Segment part 6.             Intra module refs:   _LdtobLarge
    -------------------------------------------------------------------------
NEAR_I
  Relative segment, address: 000F9FE8 - 000F9FEB (0x4 bytes), align: 1
  Segment part 8.             Intra module refs:   _LdtobLarge
    -------------------------------------------------------------------------
NEAR_I
  Relative segment, address: 000F9FEC - 000F9FEF (0x4 bytes), align: 1
  Segment part 10.            Intra module refs:   _LdtobLarge
    -------------------------------------------------------------------------
NEAR_I
  Relative segment, address: 000F9FF0 - 000F9FF1 (0x2 bytes), align: 1
  Segment part 12.            Intra module refs:   _GenldLarge

    -------------------------------------------------------------------------
  LIBRARY MODULE, NAME : ?xsprout

  SEGMENTS IN THE MODULE
  ======================
CODE
  Relative segment, address: 0000B2B5 - 0000B2C0 (0xc bytes), align: 0
  Segment part 2.
           ENTRY                   ADDRESS         REF BY
           =====                   =======         ======
           _SProut                 0000B2B5        sprintf (?sprintf)
               CSTACK = 00000000 ( 00000002 )

    -------------------------------------------------------------------------
  LIBRARY MODULE, NAME : ?xstol

  SEGMENTS IN THE MODULE
  ======================
CODE
  Relative segment, address: 0000B2C1 - 0000B394 (0xd4 bytes), align: 0
  Segment part 2.
           ENTRY                   ADDRESS         REF BY
           =====                   =======         ======
           __iar_Stolx             0000B2C1        strtol (?strtol)
               calls direct
               CSTACK = 00000002 ( 00000010 )

    -------------------------------------------------------------------------
  LIBRARY MODULE, NAME : ?xstoul

  SEGMENTS IN THE MODULE
  ======================
NEAR_I
  Relative segment, address: 000F9FF2 - 000FA017 (0x26 bytes), align: 1
  Segment part 2.             Intra module refs:   __iar_Stoulx
    -------------------------------------------------------------------------
NEAR_I
  Relative segment, address: 000FA018 - 000FA03D (0x26 bytes), align: 1
  Segment part 4.             Intra module refs:   __iar_Stoulx
    -------------------------------------------------------------------------
CODE
  Relative segment, address: 0000B395 - 0000B55B (0x1c7 bytes), align: 0
  Segment part 6.             Intra module refs:   __iar_Stoul
           ENTRY                   ADDRESS         REF BY
           =====                   =======         ======
           __iar_Stoulx            0000B395        __iar_Stolx (?xstol)
               calls direct
               CSTACK = 00000002 ( 0000001E )
    -------------------------------------------------------------------------
CODE
  Relative segment, address: 0000B55C - 0000B566 (0xb bytes), align: 0
  Segment part 7.
           ENTRY                   ADDRESS         REF BY
           =====                   =======         ======
           __iar_Stoul             0000B55C        atoi (?atoi)
                                                   strtoul (?strtoul)
               calls direct
               CSTACK = 00000000 ( 00000004 )
    -------------------------------------------------------------------------
NEAR_ID
  Relative segment, address: 0000B6E8 - 0000B70D (0x26 bytes), align: 1
  Segment part 3.             Intra module refs:   Segment part 2
    -------------------------------------------------------------------------
NEAR_ID
  Relative segment, address: 0000B70E - 0000B733 (0x26 bytes), align: 1
  Segment part 5.             Intra module refs:   Segment part 4

    -------------------------------------------------------------------------
  LIBRARY MODULE, NAME : ?__exit

  SEGMENTS IN THE MODULE
  ======================
CODE
  Relative segment, address: 0000B567 - 0000B568 (0x2 bytes), align: 0
  Segment part 2.
           ENTRY                   ADDRESS         REF BY
           =====                   =======         ======
           __exit                  0000B567        __iar_exit_end (?_exit)




                ****************************************
                *                                      *
                *            MODULE SUMMARY            *
                *                                      *
                ****************************************

Module                     CODE      DATA       CONST
------                     ----      ----       -----
                          (Rel)   (Rel)  (Abs)  (Rel)
?CAST_LLU2L                   6
?CHAR_SSWITCH_L10            23
?CSTARTUP                    47
  + common                    2
?FCMP_LT                     77
?FLOAT_2_SIGNED_LONG        107
?FLOAT_ADD_SUB              604
?FLOAT_DIV                  376
?FLOAT_MUL                  341
?FUNCTION_LEAVE_L06          40
?INT_LSH_L02                 11
?INT_SSWITCH_L10             33
?LL_AND                      43
?LL_CASTS                    25
?LL_CASTU                    12
?LL_CMP                      74
?LL_DIVU_FAST               409
?LL_EXIT                     16
?LL_NEG                      34
?LONG_FLOAT_DEALLOC_L06      15
?LONG_MUL_FAST_L03           35
?LONG_NEG_L03                31
?LONG_NOT_L03                25
?MEMCPY_NEAR                 10
?MEMCPY_SMALL_NEAR            8
?MOVE_LONG_OBJECT_L06        48
?SIGNED_LONG_2_FLOAT         85
?SINT_CMP_L02                12
?STRCMP_NEAR                 21
?STR_CPY_NEAR                10
?SUBN_ARG                    11
?ULONG_CMP_L03               29
?WRKSEG_DEFINE_L09                    4
?__INIT_NEAR_I               26
?__INIT_NEAR_Z               19
?__INIT_WRKSEG               11
?__MAIN_CALL                  6
?__exit                       2
?__low_level_init_stub        4
?_exit                        5
?atoi                        12
?div                         28
?errno                                2
?exit                         3
?memchr                      21
?memset                      21
?sprintf                     55
?strcat                      27
?strchr                      16
?strlen                      14
?strncmp                     51
?strncpy                     39
?strstr                      66
?strtol                      11
?strtoul                      7
?xdnorm                      90
?xdunscal                    86
?xprintflarge             3 873      26            26
?xsprout                     12
?xstol                      212
?xstoul                     466      76            76
ADC                          61              8
  + shared                   54             10
  + common
Accelerometer                         6
App_Startup                 833     618           460
  + shared                   15
App_WhiskerGW             2 874     857           685
AtCmdLib                  5 332   1 798         1 109
  + shared                   15
EEPROM                      527
GSHAL                       127   1 504
GainSpan_IO                  52
  + shared                                   1
GainSpan_SPI                678     401
I2C                         745      11      1
  + shared                   44              9
  + common
NVSettings                  289       6             6
Potentiometer                14
RDKRL78_spi                 276      16            16
SPI _G14                    981      59      4     26
  + common                   64
ST7579_LCD                2 049      10           150
Switch                       19
Temperature                  92       2             2
Timer                        76       2      2
  + common                   58
UART                      1 205     408      4
  + common                   42
__HWDIV_8_8_8                16
__HWMOD_8_8_8                18
__HWSDIV_16_16_16            67
__HWSDIV_32_32_32           173
__HWSMOD_16_16_16            65
__HWSMOD_32_32_32           181
__HWSxxx_32_32_32            23
eink_driver               1 386      40            14
  + shared                                   8
font_8x8                          3 072         3 072
font_logos                          674           674
font_x5x7                         1 528         1 528
glyph                       339      54
glyph_register              178
hwsetup                     118             11
lcd                         195       3             1
led                         361     127      7    112
  + shared                                   8
main                        146      32            26
mqtt                      1 630     593            74
mstimer                     153       4
r_cg_serial                 204       6     10
  + shared                                  72
r_cg_serial_user            112       2      2
  + common                   24
r_cg_timer                                  26
xr20m1170                   379
N/A (command line)                1 024
N/A (alignment)               4  -7 594
----------               ------   -----    ---  -----
Total:                   29 809   5 371    183  8 057
  + common                   64


                ****************************************
                *                                      *
                *      SEGMENTS IN ADDRESS ORDER       *
                *                                      *
                ****************************************


SEGMENT              SPACE    START ADDRESS   END ADDRESS     SIZE  TYPE  ALIGN
=======              =====    =============   ===========     ====  ====  =====
__aseg                                  00000000                     rel    0
INTVEC                             00000000 - 0000003F          40   com    1
OPTBYTE                            000000C0 - 000000C3           4   rel    0
SECUID                             000000C4 - 000000CD           A   rel    1
RCODE                              000000D8 - 00000D7B         CA4   rel    1
NEAR_CONST_ID                      00003000 - 00004DA9        1DAA   rel    1
CODE                               00004DAA - 0000B568        67BF   rel    0
SWITCH                             0000B56A - 0000B5F5          8C   rel    1
NEAR_ID                            0000B5F6 - 0000B738         143   rel    1
NEAR_A                             000F0010 - 000F0012           3   rel    0
                                   000F0060 - 000F0060           1 
                                   000F0070 - 000F0070           1 
                                   000F0077 - 000F0079           3 
                                   000F007B - 000F007B           1 
                                   000F00F0 - 000F00F0           1 
                                   000F00F3 - 000F00F3           1 
                                   000F0102 - 000F0103           2 
                                   000F0106 - 000F0107           2 
                                   000F010A - 000F010B           2 
                                   000F010E - 000F011F          12 
                                   000F0122 - 000F012B           A 
                                   000F0134 - 000F0135           2 
                                   000F0142 - 000F0143           2 
                                   000F0146 - 000F014B           6 
                                   000F014E - 000F0153           6 
                                   000F0156 - 000F015B           6 
                                   000F015E - 000F015F           2 
                                   000F0162 - 000F016B           A 
                                   000F0190 - 000F0195           6 
                                   000F01B2 - 000F01BF           E 
                                   000F0230 - 000F0234           5 
                                   000F02F0 - 000F02F0           1 
NEAR_CONST                         000F3000 - 000F4DA9        1DAA   rel    1
NEAR_I                             000F9F00 - 000FA042         143   rel    1
NEAR_Z                             000FA044 - 000FAFF7         FB4   rel    1
FAR_Z                                   000FAFF8                     rel    0
HUGE_Z                                  000FAFF8                     rel    0
CSTACK                             000FAFF8 - 000FB3F7         400   rel    1
WRKSEG                             000FFE20 - 000FFE23           4   rel    1
SADDR_A                            000FFF00 - 000FFF08           9   rel    0
                                   000FFF0A - 000FFF0A           1 
                                   000FFF0C - 000FFF13           8 
                                   000FFF16 - 000FFF1B           6 
                                   000FFF1E - 000FFF1F           2 
NEAR_A                             000FFF20 - 000FFF28           9   rel    0
                                   000FFF2A - 000FFF2A           1 
                                   000FFF2C - 000FFF2C           1 
                                   000FFF2E - 000FFF32           5 
                                   000FFF44 - 000FFF4B           8 
                                   000FFF50 - 000FFF52           3 
                                   000FFF64 - 000FFF65           2 
                                   000FFF90 - 000FFF91           2 
                                   000FFFA0 - 000FFFA4           5 
NEAR_A                             000FFFE0 - 000FFFEF          10   rel    0

                ****************************************
                *                                      *
                *        END OF CROSS REFERENCE        *
                *                                      *
                ****************************************

 29 873 bytes of CODE  memory
  5 371 bytes of DATA  memory (+ 183 absolute )
  8 057 bytes of CONST memory

Errors: none
Warnings: 8

